Starting test
Nenhuma promotora encontrada!
